// Jest Snapshot v1, https://goo.gl/fbAQLP

exports[`<SignUp /> renders and matches snapshot 1`] = `
<form
  className="Form-sc-1xszr8q-0 dUkfCz"
  method="POST"
  onSubmit={[Function]}
>
  <fieldset
    aria-busy={false}
    disabled={false}
  >
    <h2>
      Sign up for an account
    </h2>
    <DisplayError
      error={Object {}}
    />
    <label
      htmlFor="email"
    >
      Email
    </label>
    <input
      id="email"
      name="email"
      onChange={[Function]}
      placeholder="Your email"
      type="email"
      value=""
    />
    <label
      htmlFor="name"
    >
      Name
    </label>
    <input
      id="name"
      name="name"
      onChange={[Function]}
      placeholder="Your name"
      type="text"
      value=""
    />
    <label
      htmlFor="password"
    >
      Password
    </label>
    <input
      id="password"
      name="password"
      onChange={[Function]}
      placeholder="Your password"
      type="password"
      value=""
    />
    <button
      type="submit"
    >
      Sign Up
    </button>
  </fieldset>
</form>
`;
