// Jest Snapshot v1, https://goo.gl/fbAQLP

exports[`<SingleItem/> renders with proper data 1`] = `
<h1>
  dogs are best
</h1>
`;

exports[`<SingleItem/> renders with proper data 2`] = `
<img
  alt="dogs are best"
  src="dog.jpg"
/>
`;

exports[`<SingleItem/> renders with proper data 3`] = `
<p>
  dogs
</p>
`;

exports[`<SingleItem/> returns errors when item is not found 1`] = `
<p
  data-test="graphql-error"
>
  <strong>
    Shoot!
  </strong>
  Item not found
</p>
`;
